Archive member included to satisfy reference by file (symbol)

c:/mounriver/mounriver_studio2/resources/app/resources/win32/components/wch/toolchain/risc-v embedded gcc/bin/../lib/gcc/riscv-none-embed/8.2.0/rv32ecxw/ilp32e\libgcc.a(divsf3.o)
                              ./User/main.o (__divsf3)
c:/mounriver/mounriver_studio2/resources/app/resources/win32/components/wch/toolchain/risc-v embedded gcc/bin/../lib/gcc/riscv-none-embed/8.2.0/rv32ecxw/ilp32e\libgcc.a(mulsf3.o)
                              ./mc3419/MC34X9.o (__mulsf3)
c:/mounriver/mounriver_studio2/resources/app/resources/win32/components/wch/toolchain/risc-v embedded gcc/bin/../lib/gcc/riscv-none-embed/8.2.0/rv32ecxw/ilp32e\libgcc.a(subsf3.o)
                              ./User/main.o (__subsf3)
c:/mounriver/mounriver_studio2/resources/app/resources/win32/components/wch/toolchain/risc-v embedded gcc/bin/../lib/gcc/riscv-none-embed/8.2.0/rv32ecxw/ilp32e\libgcc.a(fixsfsi.o)
                              ./mc3419/MC34X9.o (__fixsfsi)
c:/mounriver/mounriver_studio2/resources/app/resources/win32/components/wch/toolchain/risc-v embedded gcc/bin/../lib/gcc/riscv-none-embed/8.2.0/rv32ecxw/ilp32e\libgcc.a(floatsisf.o)
                              ./mc3419/MC34X9.o (__floatsisf)
c:/mounriver/mounriver_studio2/resources/app/resources/win32/components/wch/toolchain/risc-v embedded gcc/bin/../lib/gcc/riscv-none-embed/8.2.0/rv32ecxw/ilp32e\libgcc.a(save-restore.o)
                              ./mc3419/MC34X9.o (__riscv_save_2)
c:/mounriver/mounriver_studio2/resources/app/resources/win32/components/wch/toolchain/risc-v embedded gcc/bin/../lib/gcc/riscv-none-embed/8.2.0/rv32ecxw/ilp32e\libgcc.a(muldi3.o)
                              ./User/main.o (__mulsi3)
c:/mounriver/mounriver_studio2/resources/app/resources/win32/components/wch/toolchain/risc-v embedded gcc/bin/../lib/gcc/riscv-none-embed/8.2.0/rv32ecxw/ilp32e\libgcc.a(div.o)
                              ./mc3419/accelerometer.o (__divsi3)
c:/mounriver/mounriver_studio2/resources/app/resources/win32/components/wch/toolchain/risc-v embedded gcc/bin/../lib/gcc/riscv-none-embed/8.2.0/rv32ecxw/ilp32e\libgcc.a(_clzsi2.o)
                              c:/mounriver/mounriver_studio2/resources/app/resources/win32/components/wch/toolchain/risc-v embedded gcc/bin/../lib/gcc/riscv-none-embed/8.2.0/rv32ecxw/ilp32e\libgcc.a(divsf3.o) (__clzsi2)
c:/mounriver/mounriver_studio2/resources/app/resources/win32/components/wch/toolchain/risc-v embedded gcc/bin/../lib/gcc/riscv-none-embed/8.2.0/rv32ecxw/ilp32e\libgcc.a(_clz.o)
                              c:/mounriver/mounriver_studio2/resources/app/resources/win32/components/wch/toolchain/risc-v embedded gcc/bin/../lib/gcc/riscv-none-embed/8.2.0/rv32ecxw/ilp32e\libgcc.a(_clzsi2.o) (__clz_tab)
c:/mounriver/mounriver_studio2/resources/app/resources/win32/components/wch/toolchain/risc-v embedded gcc/bin/../lib/gcc/riscv-none-embed/8.2.0/../../../../riscv-none-embed/lib/rv32ecxw/ilp32e\libg_nano.a(lib_a-memcpy.o)
                              ./mc3419/MC34X9.o (memcpy)
c:/mounriver/mounriver_studio2/resources/app/resources/win32/components/wch/toolchain/risc-v embedded gcc/bin/../lib/gcc/riscv-none-embed/8.2.0/../../../../riscv-none-embed/lib/rv32ecxw/ilp32e\libg_nano.a(lib_a-vsprintf.o)
                              ./User/Prnt.o (vsprintf)
c:/mounriver/mounriver_studio2/resources/app/resources/win32/components/wch/toolchain/risc-v embedded gcc/bin/../lib/gcc/riscv-none-embed/8.2.0/../../../../riscv-none-embed/lib/rv32ecxw/ilp32e\libg_nano.a(lib_a-impure.o)
                              c:/mounriver/mounriver_studio2/resources/app/resources/win32/components/wch/toolchain/risc-v embedded gcc/bin/../lib/gcc/riscv-none-embed/8.2.0/../../../../riscv-none-embed/lib/rv32ecxw/ilp32e\libg_nano.a(lib_a-vsprintf.o) (_impure_ptr)
c:/mounriver/mounriver_studio2/resources/app/resources/win32/components/wch/toolchain/risc-v embedded gcc/bin/../lib/gcc/riscv-none-embed/8.2.0/../../../../riscv-none-embed/lib/rv32ecxw/ilp32e\libg_nano.a(lib_a-nano-svfprintf.o)
                              c:/mounriver/mounriver_studio2/resources/app/resources/win32/components/wch/toolchain/risc-v embedded gcc/bin/../lib/gcc/riscv-none-embed/8.2.0/../../../../riscv-none-embed/lib/rv32ecxw/ilp32e\libg_nano.a(lib_a-vsprintf.o) (_svfprintf_r)
c:/mounriver/mounriver_studio2/resources/app/resources/win32/components/wch/toolchain/risc-v embedded gcc/bin/../lib/gcc/riscv-none-embed/8.2.0/../../../../riscv-none-embed/lib/rv32ecxw/ilp32e\libg_nano.a(lib_a-nano-vfprintf_i.o)
                              c:/mounriver/mounriver_studio2/resources/app/resources/win32/components/wch/toolchain/risc-v embedded gcc/bin/../lib/gcc/riscv-none-embed/8.2.0/../../../../riscv-none-embed/lib/rv32ecxw/ilp32e\libg_nano.a(lib_a-nano-svfprintf.o) (_printf_i)
[...]
Memory Configuration

Name             Origin             Length             Attributes
FLASH            0x0000000000000000 0x0000000000004000 xr
RAM              0x0000000020000000 0x0000000000000800 xrw
*default*        0x0000000000000000 0xffffffffffffffff

Linker script and memory map

LOAD ./mc3419/MC34X9.o
LOAD ./mc3419/accelerometer.o
LOAD ./User/Prnt.o
LOAD ./User/ch32v00x_it.o
LOAD ./User/main.o
LOAD ./User/system.o
LOAD ./User/system_ch32v00x.o
LOAD ./Startup/startup_ch32v00x.o
LOAD ./Peripheral/src/ch32v00x_adc.o
LOAD ./Peripheral/src/ch32v00x_dbgmcu.o
LOAD ./Peripheral/src/ch32v00x_dma.o
LOAD ./Peripheral/src/ch32v00x_exti.o
LOAD ./Peripheral/src/ch32v00x_flash.o
LOAD ./Peripheral/src/ch32v00x_gpio.o
LOAD ./Peripheral/src/ch32v00x_i2c.o
LOAD ./Peripheral/src/ch32v00x_iwdg.o
LOAD ./Peripheral/src/ch32v00x_misc.o
LOAD ./Peripheral/src/ch32v00x_opa.o
LOAD ./Peripheral/src/ch32v00x_pwr.o
LOAD ./Peripheral/src/ch32v00x_rcc.o
LOAD ./Peripheral/src/ch32v00x_spi.o
LOAD ./Peripheral/src/ch32v00x_tim.o
LOAD ./Peripheral/src/ch32v00x_usart.o
LOAD ./Peripheral/src/ch32v00x_wwdg.o
LOAD ./Debug/debug.o
LOAD ./Core/core_riscv.o
LOAD c:/mounriver/mounriver_studio2/resources/app/resources/win32/components/wch/toolchain/risc-v embedded gcc/bin/../lib/gcc/riscv-none-embed/8.2.0/../../../../riscv-none-embed/lib/rv32ecxw/ilp32e\libprintf.a
LOAD c:/mounriver/mounriver_studio2/resources/app/resources/win32/components/wch/toolchain/risc-v embedded gcc/bin/../lib/gcc/riscv-none-embed/8.2.0/rv32ecxw/ilp32e\libgcc.a
LOAD c:/mounriver/mounriver_studio2/resources/app/resources/win32/components/wch/toolchain/risc-v embedded gcc/bin/../lib/gcc/riscv-none-embed/8.2.0/../../../../riscv-none-embed/lib/rv32ecxw/ilp32e\libg_nano.a
LOAD c:/mounriver/mounriver_studio2/resources/app/resources/win32/components/wch/toolchain/risc-v embedded gcc/bin/../lib/gcc/riscv-none-embed/8.2.0/../../../../riscv-none-embed/lib/rv32ecxw/ilp32e\libc_nano.a
LOAD c:/mounriver/mounriver_studio2/resources/app/resources/win32/components/wch/toolchain/risc-v embedded gcc/bin/../lib/gcc/riscv-none-embed/8.2.0/rv32ecxw/ilp32e\libgcc.a
START GROUP
LOAD c:/mounriver/mounriver_studio2/resources/app/resources/win32/components/wch/toolchain/risc-v embedded gcc/bin/../lib/gcc/riscv-none-embed/8.2.0/rv32ecxw/ilp32e\libgcc.a
LOAD c:/mounriver/mounriver_studio2/resources/app/resources/win32/components/wch/toolchain/risc-v embedded gcc/bin/../lib/gcc/riscv-none-embed/8.2.0/../../../../riscv-none-embed/lib/rv32ecxw/ilp32e\libc_nano.a
LOAD c:/mounriver/mounriver_studio2/resources/app/resources/win32/components/wch/toolchain/risc-v embedded gcc/bin/../lib/gcc/riscv-none-embed/8.2.0/../../../../riscv-none-embed/lib/rv32ecxw/ilp32e\libnosys.a
END GROUP
START GROUP
LOAD c:/mounriver/mounriver_studio2/resources/app/resources/win32/components/wch/toolchain/risc-v embedded gcc/bin/../lib/gcc/riscv-none-embed/8.2.0/rv32ecxw/ilp32e\libgcc.a
LOAD c:/mounriver/mounriver_studio2/resources/app/resources/win32/components/wch/toolchain/risc-v embedded gcc/bin/../lib/gcc/riscv-none-embed/8.2.0/../../../../riscv-none-embed/lib/rv32ecxw/ilp32e\libc_nano.a
LOAD c:/mounriver/mounriver_studio2/resources/app/resources/win32/components/wch/toolchain/risc-v embedded gcc/bin/../lib/gcc/riscv-none-embed/8.2.0/../../../../riscv-none-embed/lib/rv32ecxw/ilp32e\libnosys.a
END GROUP
                0x0000000000000100                __stack_size = 0x100
                [!provide]                        PROVIDE (_stack_size = __stack_size)

.init           0x0000000000000000       0xa0
                0x0000000000000000                _sinit = .
                0x0000000000000000                . = ALIGN (0x4)
 *(SORT_NONE(.init))
 .init          0x0000000000000000       0x9e ./Startup/startup_ch32v00x.o
                0x0000000000000000                _start
                0x00000000000000a0                . = ALIGN (0x4)
 *fill*         0x000000000000009e        0x2 
                0x00000000000000a0                _einit = .

.text           0x00000000000000a0     0x27ac
                0x00000000000000a0                . = ALIGN (0x4)
 *(.text)
 .text          0x00000000000000a0       0x14 c:/mounriver/mounriver_studio2/resources/app/resources/win32/components/wch/toolchain/risc-v embedded gcc/bin/../lib/gcc/riscv-none-embed/8.2.0/rv32ecxw/ilp32e\libgcc.a(save-restore.o)
                0x00000000000000a0                __riscv_save_1
                0x00000000000000a0                __riscv_save_2
                0x00000000000000a0                __riscv_save_0
                0x00000000000000aa                __riscv_restore_0
                0x00000000000000aa                __riscv_restore_1
                0x00000000000000aa                __riscv_restore_2
 .text          0x00000000000000b4       0x16 c:/mounriver/mounriver_studio2/resources/app/resources/win32/components/wch/toolchain/risc-v embedded gcc/bin/../lib/gcc/riscv-none-embed/8.2.0/rv32ecxw/ilp32e\libgcc.a(muldi3.o)
                0x00000000000000b4                __mulsi3
 *fill*         0x00000000000000ca        0x2 
 .text          0x00000000000000cc       0x7e c:/mounriver/mounriver_studio2/resources/app/resources/win32/components/wch/toolchain/risc-v embedded gcc/bin/../lib/gcc/riscv-none-embed/8.2.0/rv32ecxw/ilp32e\libgcc.a(div.o)
                0x00000000000000cc                __divsi3
                0x00000000000000d4                __udivsi3
                0x0000000000000100                __umodsi3
                0x0000000000000124                __modsi3
 *(.text.*)
 .text.readRegister8
                0x000000000000014a       0x4a ./mc3419/MC34X9.o
                0x000000000000014a                readRegister8
 .text.mcube_read_regs
                0x0000000000000194       0x2c ./mc3419/MC34X9.o
                0x0000000000000194                mcube_read_regs
 .text.readRawAccel
                0x00000000000001c0       0xf2 ./mc3419/MC34X9.o
                0x00000000000001c0                readRawAccel
 .text.writeRegister8
                0x00000000000002b2       0x2a ./mc3419/MC34X9.o
                0x00000000000002b2                writeRegister8
 .text.reset    0x00000000000002dc       0x24 ./mc3419/MC34X9.o
                0x00000000000002dc                reset
 .text.SetMode  0x0000000000000300       0x1c ./mc3419/MC34X9.o
                0x0000000000000300                SetMode
 .text.SetRangeCtrl
                0x000000000000031c       0x2a ./mc3419/MC34X9.o
                0x000000000000031c                SetRangeCtrl
 .text.SetSampleRate
                0x0000000000000346       0x18 ./mc3419/MC34X9.o
                0x0000000000000346                SetSampleRate
 .text.start    0x000000000000035e       0x2a ./mc3419/MC34X9.o
                0x000000000000035e                start
 .text.setup    0x0000000000000388       0x20 ./mc3419/accelerometer.o
                0x0000000000000388                setup
 .text.readMeanOverload
                0x00000000000003a8       0xd6 ./mc3419/accelerometer.o
                0x00000000000003a8                readMeanOverload
 .text.print    0x000000000000047e       0x3e ./User/Prnt.o
                0x000000000000047e                print
 .text.printn   0x00000000000004bc       0x28 ./User/Prnt.o
                0x00000000000004bc                printn
 .text.printfl  0x00000000000004e4       0x40 ./User/Prnt.o
                0x00000000000004e4                printfl
 .text.NMI_Handler
                0x0000000000000524        0x2 ./User/ch32v00x_it.o
                0x0000000000000524                NMI_Handler
 .text.HardFault_Handler
                0x0000000000000526        0x2 ./User/ch32v00x_it.o
                0x0000000000000526                HardFault_Handler
 .text.my_sqrt  0x0000000000000528       0x78 ./User/main.o
                0x0000000000000528                my_sqrt
 .text.GetOverload
                0x00000000000005a0       0xc2 ./User/main.o
                0x00000000000005a0                GetOverload
 .text.startup.main
                0x0000000000000662       0x94 ./User/main.o
                0x0000000000000662                main
 .text.SpiSend8bit
                0x00000000000006f6       0x22 ./User/system.o
                0x00000000000006f6                SpiSend8bit
 .text.SpiRecive8bit
                0x0000000000000718       0x28 ./User/system.o
                0x0000000000000718                SpiRecive8bit
 .text.ClearSpiTxFlag
                0x0000000000000740       0x10 ./User/system.o
                0x0000000000000740                ClearSpiTxFlag
 .text.ClearSpiRxFlag
                0x0000000000000750       0x10 ./User/system.o
                0x0000000000000750                ClearSpiRxFlag
 .text.ChipSelectHigh
                0x0000000000000760       0x12 ./User/system.o
                0x0000000000000760                ChipSelectHigh
 .text.SPI_FullDuplex_Init
                0x0000000000000772       0xa2 ./User/system.o
                0x0000000000000772                SPI_FullDuplex_Init
 .text.ChipSelectLow
                0x0000000000000814       0x12 ./User/system.o
                0x0000000000000814                ChipSelectLow
 .text.GPIO_INIT
                0x0000000000000826       0xb2 ./User/system.o
                0x0000000000000826                GPIO_INIT
 .text.TMR_2_Init
                0x00000000000008d8       0x52 ./User/system.o
                0x00000000000008d8                TMR_2_Init
 .text.TIM2_IRQHandler
                0x000000000000092a       0x20 ./User/system.o
                0x000000000000092a                TIM2_IRQHandler
 .text.SystemInit
                0x000000000000094a       0xe2 ./User/system_ch32v00x.o
                0x000000000000094a                SystemInit
 .text.SystemCoreClockUpdate
                0x0000000000000a2c       0x6c ./User/system_ch32v00x.o
                0x0000000000000a2c                SystemCoreClockUpdate
 .text.vector_handler
                0x0000000000000a98        0x2 ./Startup/startup_ch32v00x.o
                0x0000000000000a98                TIM1_CC_IRQHandler
                0x0000000000000a98                SysTick_Handler
                0x0000000000000a98                PVD_IRQHandler
                0x0000000000000a98                SPI1_IRQHandler
                0x0000000000000a98                AWU_IRQHandler
                0x0000000000000a98                EXTI7_0_IRQHandler
                0x0000000000000a98                DMA1_Channel4_IRQHandler
                0x0000000000000a98                ADC1_IRQHandler
                0x0000000000000a98                DMA1_Channel7_IRQHandler
                0x0000000000000a98                I2C1_EV_IRQHandler
                0x0000000000000a98                DMA1_Channel6_IRQHandler
                0x0000000000000a98                RCC_IRQHandler
                0x0000000000000a98                TIM1_TRG_COM_IRQHandler
                0x0000000000000a98                DMA1_Channel1_IRQHandler
                0x0000000000000a98                DMA1_Channel5_IRQHandler
                0x0000000000000a98                DMA1_Channel3_IRQHandler
                0x0000000000000a98                TIM1_UP_IRQHandler
                0x0000000000000a98                WWDG_IRQHandler
                0x0000000000000a98                SW_Handler
                0x0000000000000a98                TIM1_BRK_IRQHandler
                0x0000000000000a98                DMA1_Channel2_IRQHandler
                0x0000000000000a98                FLASH_IRQHandler
                0x0000000000000a98                USART1_IRQHandler
                0x0000000000000a98                I2C1_ER_IRQHandler
 .text.handle_reset
                0x0000000000000a9a       0x80 ./Startup/startup_ch32v00x.o
                0x0000000000000a9a                handle_reset
 .text.DBGMCU_GetCHIPID
                0x0000000000000b1a        0xa ./Peripheral/src/ch32v00x_dbgmcu.o
                0x0000000000000b1a                DBGMCU_GetCHIPID
 .text.GPIO_Init
                0x0000000000000b24       0x7c ./Peripheral/src/ch32v00x_gpio.o
                0x0000000000000b24                GPIO_Init
 .text.GPIO_WriteBit
                0x0000000000000ba0        0xa ./Peripheral/src/ch32v00x_gpio.o
                0x0000000000000ba0                GPIO_WriteBit
 .text.NVIC_PriorityGroupConfig
                0x0000000000000baa        0x6 ./Peripheral/src/ch32v00x_misc.o
                0x0000000000000baa                NVIC_PriorityGroupConfig
 .text.RCC_AdjustHSICalibrationValue
                0x0000000000000bb0       0x12 ./Peripheral/src/ch32v00x_rcc.o
                0x0000000000000bb0                RCC_AdjustHSICalibrationValue
 .text.RCC_GetClocksFreq
                0x0000000000000bc2       0xa2 ./Peripheral/src/ch32v00x_rcc.o
                0x0000000000000bc2                RCC_GetClocksFreq
 .text.RCC_APB2PeriphClockCmd
                0x0000000000000c64       0x1e ./Peripheral/src/ch32v00x_rcc.o
                0x0000000000000c64                RCC_APB2PeriphClockCmd
 .text.RCC_APB1PeriphClockCmd
                0x0000000000000c82       0x1e ./Peripheral/src/ch32v00x_rcc.o
                0x0000000000000c82                RCC_APB1PeriphClockCmd
 .text.SPI_Init
                0x0000000000000ca0       0x32 ./Peripheral/src/ch32v00x_spi.o
                0x0000000000000ca0                SPI_Init
 .text.SPI_Cmd  0x0000000000000cd2       0x1a ./Peripheral/src/ch32v00x_spi.o
                0x0000000000000cd2                SPI_Cmd
 .text.SPI_I2S_SendData
                0x0000000000000cec        0x4 ./Peripheral/src/ch32v00x_spi.o
                0x0000000000000cec                SPI_I2S_SendData
 .text.SPI_I2S_ReceiveData
                0x0000000000000cf0        0x4 ./Peripheral/src/ch32v00x_spi.o
                0x0000000000000cf0                SPI_I2S_ReceiveData
 .text.SPI_SSOutputCmd
                0x0000000000000cf4       0x18 ./Peripheral/src/ch32v00x_spi.o
                0x0000000000000cf4                SPI_SSOutputCmd
 .text.SPI_I2S_GetFlagStatus
                0x0000000000000d0c        0xa ./Peripheral/src/ch32v00x_spi.o
                0x0000000000000d0c                SPI_I2S_GetFlagStatus
 .text.SPI_I2S_ClearFlag
                0x0000000000000d16        0xc ./Peripheral/src/ch32v00x_spi.o
                0x0000000000000d16                SPI_I2S_ClearFlag
 .text.TIM_TimeBaseInit
                0x0000000000000d22       0x4e ./Peripheral/src/ch32v00x_tim.o
                0x0000000000000d22                TIM_TimeBaseInit
 .text.TIM_Cmd  0x0000000000000d70       0x18 ./Peripheral/src/ch32v00x_tim.o
                0x0000000000000d70                TIM_Cmd
 .text.TIM_ITConfig
                0x0000000000000d88       0x12 ./Peripheral/src/ch32v00x_tim.o
                0x0000000000000d88                TIM_ITConfig
 .text.TIM_GetFlagStatus
                0x0000000000000d9a        0xa ./Peripheral/src/ch32v00x_tim.o
                0x0000000000000d9a                TIM_GetFlagStatus
 .text.TIM_ClearITPendingBit
                0x0000000000000da4        0xc ./Peripheral/src/ch32v00x_tim.o
                0x0000000000000da4                TIM_ClearITPendingBit
 .text.USART_Init
                0x0000000000000db0       0xcc ./Peripheral/src/ch32v00x_usart.o
                0x0000000000000db0                USART_Init
 .text.USART_Cmd
                0x0000000000000e7c       0x16 ./Peripheral/src/ch32v00x_usart.o
                0x0000000000000e7c                USART_Cmd
 .text.USART_SendData
                0x0000000000000e92        0x8 ./Peripheral/src/ch32v00x_usart.o
                0x0000000000000e92                USART_SendData
 .text.USART_GetFlagStatus
                0x0000000000000e9a        0xa ./Peripheral/src/ch32v00x_usart.o
                0x0000000000000e9a                USART_GetFlagStatus
 .text.Delay_Init
                0x0000000000000ea4       0x34 ./Debug/debug.o
                0x0000000000000ea4                Delay_Init
 .text.Delay_Us
                0x0000000000000ed8       0x3a ./Debug/debug.o
                0x0000000000000ed8                Delay_Us
 .text.Delay_Ms
                0x0000000000000f12       0x3a ./Debug/debug.o
                0x0000000000000f12                Delay_Ms
 .text.USART_Printf_Init
                0x0000000000000f4c       0x56 ./Debug/debug.o
                0x0000000000000f4c                USART_Printf_Init
 .text._sbrk    0x0000000000000fa2       0x26 ./Debug/debug.o
                0x0000000000000fa2                _sbrk
 .text.__divsf3
                0x0000000000000fc8      0x30e c:/mounriver/mounriver_studio2/resources/app/resources/win32/components/wch/toolchain/risc-v embedded gcc/bin/../lib/gcc/riscv-none-embed/8.2.0/rv32ecxw/ilp32e\libgcc.a(divsf3.o)
                0x0000000000000fc8                __divsf3
 .text.__mulsf3
                0x00000000000012d6      0x290 c:/mounriver/mounriver_studio2/resources/app/resources/win32/components/wch/toolchain/risc-v embedded gcc/bin/../lib/gcc/riscv-none-embed/8.2.0/rv32ecxw/ilp32e\libgcc.a(mulsf3.o)
                0x00000000000012d6                __mulsf3
 .text.__subsf3
                0x0000000000001566      0x386 c:/mounriver/mounriver_studio2/resources/app/resources/win32/components/wch/toolchain/risc-v embedded gcc/bin/../lib/gcc/riscv-none-embed/8.2.0/rv32ecxw/ilp32e\libgcc.a(subsf3.o)
                0x0000000000001566                __subsf3
 .text.__fixsfsi
                0x00000000000018ec       0x60 c:/mounriver/mounriver_studio2/resources/app/resources/win32/components/wch/toolchain/risc-v embedded gcc/bin/../lib/gcc/riscv-none-embed/8.2.0/rv32ecxw/ilp32e\libgcc.a(fixsfsi.o)
                0x00000000000018ec                __fixsfsi
 .text.__floatsisf
                0x000000000000194c       0xc6 c:/mounriver/mounriver_studio2/resources/app/resources/win32/components/wch/toolchain/risc-v embedded gcc/bin/../lib/gcc/riscv-none-embed/8.2.0/rv32ecxw/ilp32e\libgcc.a(floatsisf.o)
                0x000000000000194c                __floatsisf
 .text.__clzsi2
                0x0000000000001a12       0x6e c:/mounriver/mounriver_studio2/resources/app/resources/win32/components/wch/toolchain/risc-v embedded gcc/bin/../lib/gcc/riscv-none-embed/8.2.0/rv32ecxw/ilp32e\libgcc.a(_clzsi2.o)
                0x0000000000001a12                __clzsi2
 .text.memcpy   0x0000000000001a80       0xd2 c:/mounriver/mounriver_studio2/resources/app/resources/win32/components/wch/toolchain/risc-v embedded gcc/bin/../lib/gcc/riscv-none-embed/8.2.0/../../../../riscv-none-embed/lib/rv32ecxw/ilp32e\libg_nano.a(lib_a-memcpy.o)
                0x0000000000001a80                memcpy
 .text._vsprintf_r
                0x0000000000001b52       0x30 c:/mounriver/mounriver_studio2/resources/app/resources/win32/components/wch/toolchain/risc-v embedded gcc/bin/../lib/gcc/riscv-none-embed/8.2.0/../../../../riscv-none-embed/lib/rv32ecxw/ilp32e\libg_nano.a(lib_a-vsprintf.o)
                0x0000000000001b52                _vsprintf_r
                0x0000000000001b52                _vsiprintf_r
 .text.vsprintf
                0x0000000000001b82       0x12 c:/mounriver/mounriver_studio2/resources/app/resources/win32/components/wch/toolchain/risc-v embedded gcc/bin/../lib/gcc/riscv-none-embed/8.2.0/../../../../riscv-none-embed/lib/rv32ecxw/ilp32e\libg_nano.a(lib_a-vsprintf.o)
                0x0000000000001b82                vsiprintf
                0x0000000000001b82                vsprintf
 .text.__ssputs_r
                0x0000000000001b94       0xea c:/mounriver/mounriver_studio2/resources/app/resources/win32/components/wch/toolchain/risc-v embedded gcc/bin/../lib/gcc/riscv-none-embed/8.2.0/../../../../riscv-none-embed/lib/rv32ecxw/ilp32e\libg_nano.a(lib_a-nano-svfprintf.o)
                0x0000000000001b94                __ssputs_r
 .text._svfprintf_r
                0x0000000000001c7e      0x26c c:/mounriver/mounriver_studio2/resources/app/resources/win32/components/wch/toolchain/risc-v embedded gcc/bin/../lib/gcc/riscv-none-embed/8.2.0/../../../../riscv-none-embed/lib/rv32ecxw/ilp32e\libg_nano.a(lib_a-nano-svfprintf.o)
                0x0000000000001c7e                _svfiprintf_r
                0x0000000000001c7e                _svfprintf_r
 .text._printf_common
                0x0000000000001eea      0x12c c:/mounriver/mounriver_studio2/resources/app/resources/win32/components/wch/toolchain/risc-v embedded gcc/bin/../lib/gcc/riscv-none-embed/8.2.0/../../../../riscv-none-embed/lib/rv32ecxw/ilp32e\libg_nano.a(lib_a-nano-vfprintf_i.o)
                0x0000000000001eea                _printf_common
 .text._printf_i
                0x0000000000002016      0x2ba c:/mounriver/mounriver_studio2/resources/app/resources/win32/components/wch/toolchain/risc-v embedded gcc/bin/../lib/gcc/riscv-none-embed/8.2.0/../../../../riscv-none-embed/lib/rv32ecxw/ilp32e\libg_nano.a(lib_a-nano-vfprintf_i.o)
                0x0000000000002016                _printf_i
 .text.memchr   0x00000000000022d0       0x18 c:/mounriver/mounriver_studio2/resources/app/resources/win32/components/wch/toolchain/risc-v embedded gcc/bin/../lib/gcc/riscv-none-embed/8.2.0/../../../../riscv-none-embed/lib/rv32ecxw/ilp32e\libg_nano.a(lib_a-memchr.o)
                0x00000000000022d0                memchr
 .text.memmove  0x00000000000022e8       0x46 c:/mounriver/mounriver_studio2/resources/app/resources/win32/components/wch/toolchain/risc-v embedded gcc/bin/../lib/gcc/riscv-none-embed/8.2.0/../../../../riscv-none-embed/lib/rv32ecxw/ilp32e\libg_nano.a(lib_a-memmove.o)
                0x00000000000022e8                memmove
 .text._free_r  0x000000000000232e       0xac c:/mounriver/mounriver_studio2/resources/app/resources/win32/components/wch/toolchain/risc-v embedded gcc/bin/../lib/gcc/riscv-none-embed/8.2.0/../../../../riscv-none-embed/lib/rv32ecxw/ilp32e\libg_nano.a(lib_a-nano-freer.o)
                0x000000000000232e                _free_r
 .text._malloc_r
                0x00000000000023da       0xd4 c:/mounriver/mounriver_studio2/resources/app/resources/win32/components/wch/toolchain/risc-v embedded gcc/bin/../lib/gcc/riscv-none-embed/8.2.0/../../../../riscv-none-embed/lib/rv32ecxw/ilp32e\libg_nano.a(lib_a-nano-mallocr.o)
                0x00000000000023da                _malloc_r
 .text._realloc_r
                0x00000000000024ae       0x50 c:/mounriver/mounriver_studio2/resources/app/resources/win32/components/wch/toolchain/risc-v embedded gcc/bin/../lib/gcc/riscv-none-embed/8.2.0/../../../../riscv-none-embed/lib/rv32ecxw/ilp32e\libg_nano.a(lib_a-nano-reallocr.o)
                0x00000000000024ae                _realloc_r
 .text._sbrk_r  0x00000000000024fe       0x2a c:/mounriver/mounriver_studio2/resources/app/resources/win32/components/wch/toolchain/risc-v embedded gcc/bin/../lib/gcc/riscv-none-embed/8.2.0/../../../../riscv-none-embed/lib/rv32ecxw/ilp32e\libg_nano.a(lib_a-sbrkr.o)
                0x00000000000024fe                _sbrk_r
 .text.__malloc_lock
                0x0000000000002528        0x2 c:/mounriver/mounriver_studio2/resources/app/resources/win32/components/wch/toolchain/risc-v embedded gcc/bin/../lib/gcc/riscv-none-embed/8.2.0/../../../../riscv-none-embed/lib/rv32ecxw/ilp32e\libg_nano.a(lib_a-mlock.o)
                0x0000000000002528                __malloc_lock
 .text.__malloc_unlock
                0x000000000000252a        0x2 c:/mounriver/mounriver_studio2/resources/app/resources/win32/components/wch/toolchain/risc-v embedded gcc/bin/../lib/gcc/riscv-none-embed/8.2.0/../../../../riscv-none-embed/lib/rv32ecxw/ilp32e\libg_nano.a(lib_a-mlock.o)
                0x000000000000252a                __malloc_unlock
 .text._malloc_usable_size_r
                0x000000000000252c       0x14 c:/mounriver/mounriver_studio2/resources/app/resources/win32/components/wch/toolchain/risc-v embedded gcc/bin/../lib/gcc/riscv-none-embed/8.2.0/../../../../riscv-none-embed/lib/rv32ecxw/ilp32e\libg_nano.a(lib_a-nano-msizer.o)
                0x000000000000252c                _malloc_usable_size_r
 *(.rodata)
 *fill*         0x0000000000002540        0x0 
 .rodata        0x0000000000002540       0x14 ./mc3419/MC34X9.o
 *(.rodata*)
 .rodata.readRawAccel.cst4
                0x0000000000002554        0x8 ./mc3419/MC34X9.o
 .rodata.readMeanOverload.str1.4
                0x000000000000255c       0x59 ./mc3419/accelerometer.o
 *fill*         0x00000000000025b5        0x3 
 .rodata.setup.str1.4
                0x00000000000025b8       0x35 ./mc3419/accelerometer.o
 *fill*         0x00000000000025ed        0x3 
 .rodata.printfl.str1.4
                0x00000000000025f0        0x8 ./User/Prnt.o
 .rodata.GetOverload.cst4
                0x00000000000025f8        0x4 ./User/main.o
                                          0x8 (size before relaxing)
 .rodata.main.str1.4
                0x00000000000025fc       0x45 ./User/main.o
                                         0x4c (size before relaxing)
 *fill*         0x0000000000002641        0x3 
 .rodata.my_sqrt.cst4
                0x0000000000002644        0xc ./User/main.o
 .rodata.__divsf3
                0x0000000000002650       0x80 c:/mounriver/mounriver_studio2/resources/app/resources/win32/components/wch/toolchain/risc-v embedded gcc/bin/../lib/gcc/riscv-none-embed/8.2.0/rv32ecxw/ilp32e\libgcc.a(divsf3.o)
 .rodata.__mulsf3
                0x00000000000026d0       0x40 c:/mounriver/mounriver_studio2/resources/app/resources/win32/components/wch/toolchain/risc-v embedded gcc/bin/../lib/gcc/riscv-none-embed/8.2.0/rv32ecxw/ilp32e\libgcc.a(mulsf3.o)
 .rodata.__clz_tab
                0x0000000000002710      0x100 c:/mounriver/mounriver_studio2/resources/app/resources/win32/components/wch/toolchain/risc-v embedded gcc/bin/../lib/gcc/riscv-none-embed/8.2.0/rv32ecxw/ilp32e\libgcc.a(_clz.o)
                0x0000000000002710                __clz_tab
 .rodata._svfprintf_r.str1.4
                0x0000000000002810       0x13 c:/mounriver/mounriver_studio2/resources/app/resources/win32/components/wch/toolchain/risc-v embedded gcc/bin/../lib/gcc/riscv-none-embed/8.2.0/../../../../riscv-none-embed/lib/rv32ecxw/ilp32e\libg_nano.a(lib_a-nano-svfprintf.o)
 *fill*         0x0000000000002823        0x1 
 .rodata._printf_i.str1.4
                0x0000000000002824       0x28 c:/mounriver/mounriver_studio2/resources/app/resources/win32/components/wch/toolchain/risc-v embedded gcc/bin/../lib/gcc/riscv-none-embed/8.2.0/../../../../riscv-none-embed/lib/rv32ecxw/ilp32e\libg_nano.a(lib_a-nano-vfprintf_i.o)
                                         0x25 (size before relaxing)
 *(.gnu.linkonce.t.*)
                0x000000000000284c                . = ALIGN (0x4)

.rela.dyn       0x000000000000284c        0x0
 .rela.init     0x000000000000284c        0x0 ./mc3419/MC34X9.o
 .rela.text.handle_reset
                0x000000000000284c        0x0 ./mc3419/MC34X9.o
 .rela.text._sbrk
                0x000000000000284c        0x0 ./mc3419/MC34X9.o
 .rela.data.curbrk.4084
                0x000000000000284c        0x0 ./mc3419/MC34X9.o
 .rela.data.impure_data
                0x000000000000284c        0x0 ./mc3419/MC34X9.o
 .rela.text._svfprintf_r
                0x000000000000284c        0x0 ./mc3419/MC34X9.o
 .rela.text._sbrk_r
                0x000000000000284c        0x0 ./mc3419/MC34X9.o

.fini           0x000000000000284c        0x0
 *(SORT_NONE(.fini))
                0x000000000000284c                . = ALIGN (0x4)
                [!provide]                        PROVIDE (_etext = .)
                [!provide]                        PROVIDE (_eitcm = .)

.preinit_array  0x000000000000284c        0x0
                [!provide]                        PROVIDE (__preinit_array_start = .)
 *(.preinit_array)
                [!provide]                        PROVIDE (__preinit_array_end = .)

.init_array     0x000000000000284c        0x0
                [!provide]                        PROVIDE (__init_array_start = .)
 *(SORT_BY_INIT_PRIORITY(.init_array.*) SORT_BY_INIT_PRIORITY(.ctors.*))
 *(.init_array EXCLUDE_FILE(*crtend?.o *crtend.o *crtbegin?.o *crtbegin.o) .ctors)
                [!provide]                        PROVIDE (__init_array_end = .)

.fini_array     0x000000000000284c        0x0
                [!provide]                        PROVIDE (__fini_array_start = .)
 *(SORT_BY_INIT_PRIORITY(.fini_array.*) SORT_BY_INIT_PRIORITY(.dtors.*))
 *(.fini_array EXCLUDE_FILE(*crtend?.o *crtend.o *crtbegin?.o *crtbegin.o) .dtors)
                [!provide]                        PROVIDE (__fini_array_end = .)

.ctors
 *crtbegin.o(.ctors)
 *crtbegin?.o(.ctors)
 *(EXCLUDE_FILE(*crtend?.o *crtend.o) .ctors)
 *(SORT_BY_NAME(.ctors.*))
 *(.ctors)

.dtors
 *crtbegin.o(.dtors)
 *crtbegin?.o(.dtors)
 *(EXCLUDE_FILE(*crtend?.o *crtend.o) .dtors)
 *(SORT_BY_NAME(.dtors.*))
 *(.dtors)

.dalign         0x0000000020000000        0x0 load address 0x000000000000284c
                0x0000000020000000                . = ALIGN (0x4)
                0x0000000020000000                PROVIDE (_data_vma = .)

.dlalign        0x000000000000284c        0x0
                0x000000000000284c                . = ALIGN (0x4)
                0x000000000000284c                PROVIDE (_data_lma = .)

.data           0x0000000020000000       0xa8 load address 0x000000000000284c
                0x0000000020000000                . = ALIGN (0x4)
 *(.gnu.linkonce.r.*)
 *(.data .data.*)
 .data.AHBPrescTable
                0x0000000020000000       0x10 ./User/system_ch32v00x.o
                0x0000000020000000                AHBPrescTable
 .data.SystemCoreClock
                0x0000000020000010        0x4 ./User/system_ch32v00x.o
                0x0000000020000010                SystemCoreClock
 .data.ADCPrescTable
                0x0000000020000014       0x14 ./Peripheral/src/ch32v00x_rcc.o
 .data.APBAHBPrescTable
                0x0000000020000028       0x10 ./Peripheral/src/ch32v00x_rcc.o
 .data.curbrk.4084
                0x0000000020000038        0x4 ./Debug/debug.o
 .data.impure_data
                0x000000002000003c       0x60 c:/mounriver/mounriver_studio2/resources/app/resources/win32/components/wch/toolchain/risc-v embedded gcc/bin/../lib/gcc/riscv-none-embed/8.2.0/../../../../riscv-none-embed/lib/rv32ecxw/ilp32e\libg_nano.a(lib_a-impure.o)
 *(.gnu.linkonce.d.*)
                0x00000000200000a0                . = ALIGN (0x8)
 *fill*         0x000000002000009c        0x4 
                0x00000000200008a0                PROVIDE (__global_pointer$ = (. + 0x800))
 *(.sdata .sdata.*)
 .sdata._impure_ptr
                0x00000000200000a0        0x4 c:/mounriver/mounriver_studio2/resources/app/resources/win32/components/wch/toolchain/risc-v embedded gcc/bin/../lib/gcc/riscv-none-embed/8.2.0/../../../../riscv-none-embed/lib/rv32ecxw/ilp32e\libg_nano.a(lib_a-impure.o)
                0x00000000200000a0                _impure_ptr
 *(.sdata2*)
 *(.gnu.linkonce.s.*)
                0x00000000200000a8                . = ALIGN (0x8)
 *fill*         0x00000000200000a4        0x4 
 *(.srodata.cst16)
 *(.srodata.cst8)
 *(.srodata.cst4)
 *(.srodata.cst2)
 *(.srodata .srodata.*)
                0x00000000200000a8                . = ALIGN (0x4)
                0x00000000200000a8                PROVIDE (_edata = .)

.bss            0x00000000200000a8       0x2c load address 0x00000000000028f4
                0x00000000200000a8                . = ALIGN (0x4)
                0x00000000200000a8                PROVIDE (_sbss = .)
 *(.sbss*)
 .sbss.__malloc_free_list
                0x00000000200000a8        0x4 c:/mounriver/mounriver_studio2/resources/app/resources/win32/components/wch/toolchain/risc-v embedded gcc/bin/../lib/gcc/riscv-none-embed/8.2.0/../../../../riscv-none-embed/lib/rv32ecxw/ilp32e\libg_nano.a(lib_a-nano-mallocr.o)
                0x00000000200000a8                __malloc_free_list
 .sbss.__malloc_sbrk_start
                0x00000000200000ac        0x4 c:/mounriver/mounriver_studio2/resources/app/resources/win32/components/wch/toolchain/risc-v embedded gcc/bin/../lib/gcc/riscv-none-embed/8.2.0/../../../../riscv-none-embed/lib/rv32ecxw/ilp32e\libg_nano.a(lib_a-nano-mallocr.o)
                0x00000000200000ac                __malloc_sbrk_start
 *(.gnu.linkonce.sb.*)
 *(.bss*)
 .bss.AccRaw    0x00000000200000b0        0x6 ./mc3419/MC34X9.o
                0x00000000200000b0                AccRaw
 .bss.CfgRange  0x00000000200000b6        0x1 ./mc3419/MC34X9.o
                0x00000000200000b6                CfgRange
 *fill*         0x00000000200000b7        0x1 
 .bss.x         0x00000000200000b8        0x2 ./mc3419/MC34X9.o
                0x00000000200000b8                x
 .bss.y         0x00000000200000ba        0x2 ./mc3419/MC34X9.o
                0x00000000200000ba                y
 .bss.z         0x00000000200000bc        0x2 ./mc3419/MC34X9.o
                0x00000000200000bc                z
 .bss.Btn1State
                0x00000000200000be        0x1 ./User/system.o
                0x00000000200000be                Btn1State
 .bss.Btn2State
                0x00000000200000bf        0x1 ./User/system.o
                0x00000000200000bf                Btn2State
 .bss.GateState
                0x00000000200000c0        0x1 ./User/system.o
                0x00000000200000c0                GateState
 .bss.LedBlueState
                0x00000000200000c1        0x1 ./User/system.o
                0x00000000200000c1                LedBlueState
 .bss.LedGreenState
                0x00000000200000c2        0x1 ./User/system.o
                0x00000000200000c2                LedGreenState
 .bss.LedRedState
                0x00000000200000c3        0x1 ./User/system.o
                0x00000000200000c3                LedRedState
 .bss.MillisAfterStart
                0x00000000200000c4        0x4 ./User/system.o
                0x00000000200000c4                MillisAfterStart
 .bss.NVIC_Priority_Group
                0x00000000200000c8        0x4 ./Peripheral/src/ch32v00x_misc.o
                0x00000000200000c8                NVIC_Priority_Group
 .bss.p_ms      0x00000000200000cc        0x2 ./Debug/debug.o
 .bss.p_us      0x00000000200000ce        0x1 ./Debug/debug.o
 *(.gnu.linkonce.b.*)
 *(COMMON*)
 *fill*         0x00000000200000cf        0x1 
 COMMON         0x00000000200000d0        0x4 c:/mounriver/mounriver_studio2/resources/app/resources/win32/components/wch/toolchain/risc-v embedded gcc/bin/../lib/gcc/riscv-none-embed/8.2.0/../../../../riscv-none-embed/lib/rv32ecxw/ilp32e\libg_nano.a(lib_a-reent.o)
                0x00000000200000d0                errno
                0x00000000200000d4                . = ALIGN (0x4)
                0x00000000200000d4                PROVIDE (_ebss = .)
                0x00000000200000d4                PROVIDE (_end = _ebss)
                [!provide]                        PROVIDE (end = .)

.stack          0x0000000020000700      0x100
                0x0000000020000700                PROVIDE (_heap_end = .)
                0x0000000020000700                . = ALIGN (0x4)
                [!provide]                        PROVIDE (_susrstack = .)
                0x0000000020000800                . = (. + __stack_size)
 *fill*         0x0000000020000700      0x100 
                0x0000000020000800                PROVIDE (_eusrstack = .)
OUTPUT(CH32V003F4P6+MC3419P+UART.elf elf32-littleriscv)

.debug_info     0x0000000000000000     0xfb00
 .debug_info    0x0000000000000000     0x10aa ./mc3419/MC34X9.o
 .debug_info    0x00000000000010aa      0xc6c ./mc3419/accelerometer.o
 .debug_info    0x0000000000001d16      0xbc7 ./User/Prnt.o
 .debug_info    0x00000000000028dd      0x962 ./User/ch32v00x_it.o
 .debug_info    0x000000000000323f      0xc89 ./User/main.o
 .debug_info    0x0000000000003ec8     0x1a72 ./User/system.o
 .debug_info    0x000000000000593a      0xc1b ./User/system_ch32v00x.o
 .debug_info    0x0000000000006555       0x22 ./Startup/startup_ch32v00x.o
 .debug_info    0x0000000000006577      0xa94 ./Peripheral/src/ch32v00x_dbgmcu.o
 .debug_info    0x000000000000700b     0x1034 ./Peripheral/src/ch32v00x_gpio.o
 .debug_info    0x000000000000803f      0xdca ./Peripheral/src/ch32v00x_misc.o
 .debug_info    0x0000000000008e09     0x108c ./Peripheral/src/ch32v00x_rcc.o
 .debug_info    0x0000000000009e95     0x1064 ./Peripheral/src/ch32v00x_spi.o
 .debug_info    0x000000000000aef9     0x297f ./Peripheral/src/ch32v00x_tim.o
 .debug_info    0x000000000000d878     0x1351 ./Peripheral/src/ch32v00x_usart.o
 .debug_info    0x000000000000ebc9      0xf37 ./Debug/debug.o

.debug_abbrev   0x0000000000000000     0x2d4b
 .debug_abbrev  0x0000000000000000      0x3bd ./mc3419/MC34X9.o
 .debug_abbrev  0x00000000000003bd      0x282 ./mc3419/accelerometer.o
 .debug_abbrev  0x000000000000063f      0x2b3 ./User/Prnt.o
 .debug_abbrev  0x00000000000008f2      0x1cf ./User/ch32v00x_it.o
 .debug_abbrev  0x0000000000000ac1      0x2a4 ./User/main.o
 .debug_abbrev  0x0000000000000d65      0x34e ./User/system.o
 .debug_abbrev  0x00000000000010b3      0x2d6 ./User/system_ch32v00x.o
 .debug_abbrev  0x0000000000001389       0x12 ./Startup/startup_ch32v00x.o
 .debug_abbrev  0x000000000000139b      0x2f7 ./Peripheral/src/ch32v00x_dbgmcu.o
 .debug_abbrev  0x0000000000001692      0x309 ./Peripheral/src/ch32v00x_gpio.o
 .debug_abbrev  0x000000000000199b      0x2ea ./Peripheral/src/ch32v00x_misc.o
 .debug_abbrev  0x0000000000001c85      0x389 ./Peripheral/src/ch32v00x_rcc.o
 .debug_abbrev  0x000000000000200e      0x303 ./Peripheral/src/ch32v00x_spi.o
 .debug_abbrev  0x0000000000002311      0x408 ./Peripheral/src/ch32v00x_tim.o
 .debug_abbrev  0x0000000000002719      0x323 ./Peripheral/src/ch32v00x_usart.o
 .debug_abbrev  0x0000000000002a3c      0x30f ./Debug/debug.o

.debug_loc      0x0000000000000000     0x39f3
 .debug_loc     0x0000000000000000      0x22f ./mc3419/MC34X9.o
 .debug_loc     0x000000000000022f      0x176 ./mc3419/accelerometer.o
 .debug_loc     0x00000000000003a5       0xae ./User/Prnt.o
 .debug_loc     0x0000000000000453      0x217 ./User/main.o
 .debug_loc     0x000000000000066a       0x76 ./User/system.o
 .debug_loc     0x00000000000006e0       0x83 ./User/system_ch32v00x.o
 .debug_loc     0x0000000000000763       0x6e ./Peripheral/src/ch32v00x_dbgmcu.o
 .debug_loc     0x00000000000007d1      0x5e2 ./Peripheral/src/ch32v00x_gpio.o
 .debug_loc     0x0000000000000db3       0x2d ./Peripheral/src/ch32v00x_misc.o
 .debug_loc     0x0000000000000de0      0x5e3 ./Peripheral/src/ch32v00x_rcc.o
 .debug_loc     0x00000000000013c3      0x429 ./Peripheral/src/ch32v00x_spi.o
 .debug_loc     0x00000000000017ec     0x1936 ./Peripheral/src/ch32v00x_tim.o
 .debug_loc     0x0000000000003122      0x735 ./Peripheral/src/ch32v00x_usart.o
 .debug_loc     0x0000000000003857      0x19c ./Debug/debug.o

.debug_aranges  0x0000000000000000      0x8b0
 .debug_aranges
                0x0000000000000000       0x68 ./mc3419/MC34X9.o
 .debug_aranges
                0x0000000000000068       0x28 ./mc3419/accelerometer.o
 .debug_aranges
                0x0000000000000090       0x30 ./User/Prnt.o
 .debug_aranges
                0x00000000000000c0       0x28 ./User/ch32v00x_it.o
 .debug_aranges
                0x00000000000000e8       0x30 ./User/main.o
 .debug_aranges
                0x0000000000000118       0x78 ./User/system.o
 .debug_aranges
                0x0000000000000190       0x28 ./User/system_ch32v00x.o
 .debug_aranges
                0x00000000000001b8       0x30 ./Startup/startup_ch32v00x.o
 .debug_aranges
                0x00000000000001e8       0x48 ./Peripheral/src/ch32v00x_dbgmcu.o
 .debug_aranges
                0x0000000000000230       0x98 ./Peripheral/src/ch32v00x_gpio.o
 .debug_aranges
                0x00000000000002c8       0x28 ./Peripheral/src/ch32v00x_misc.o
 .debug_aranges
                0x00000000000002f0       0xe0 ./Peripheral/src/ch32v00x_rcc.o
 .debug_aranges
                0x00000000000003d0       0xb8 ./Peripheral/src/ch32v00x_spi.o
 .debug_aranges
                0x0000000000000488      0x2d8 ./Peripheral/src/ch32v00x_tim.o
 .debug_aranges
                0x0000000000000760      0x100 ./Peripheral/src/ch32v00x_usart.o
 .debug_aranges
                0x0000000000000860       0x50 ./Debug/debug.o

.debug_ranges   0x0000000000000000      0x888
 .debug_ranges  0x0000000000000000       0x98 ./mc3419/MC34X9.o
 .debug_ranges  0x0000000000000098       0x30 ./mc3419/accelerometer.o
 .debug_ranges  0x00000000000000c8       0x20 ./User/Prnt.o
 .debug_ranges  0x00000000000000e8       0x18 ./User/ch32v00x_it.o
 .debug_ranges  0x0000000000000100       0x20 ./User/main.o
 .debug_ranges  0x0000000000000120       0x68 ./User/system.o
 .debug_ranges  0x0000000000000188       0x18 ./User/system_ch32v00x.o
 .debug_ranges  0x00000000000001a0       0x28 ./Startup/startup_ch32v00x.o
 .debug_ranges  0x00000000000001c8       0x50 ./Peripheral/src/ch32v00x_dbgmcu.o
 .debug_ranges  0x0000000000000218       0x88 ./Peripheral/src/ch32v00x_gpio.o
 .debug_ranges  0x00000000000002a0       0x48 ./Peripheral/src/ch32v00x_misc.o
 .debug_ranges  0x00000000000002e8       0xd0 ./Peripheral/src/ch32v00x_rcc.o
 .debug_ranges  0x00000000000003b8       0xa8 ./Peripheral/src/ch32v00x_spi.o
 .debug_ranges  0x0000000000000460      0x2f8 ./Peripheral/src/ch32v00x_tim.o
 .debug_ranges  0x0000000000000758       0xf0 ./Peripheral/src/ch32v00x_usart.o
 .debug_ranges  0x0000000000000848       0x40 ./Debug/debug.o

.debug_line     0x0000000000000000     0xa688
 .debug_line    0x0000000000000000      0x895 ./mc3419/MC34X9.o
 .debug_line    0x0000000000000895      0x529 ./mc3419/accelerometer.o
 .debug_line    0x0000000000000dbe      0x528 ./User/Prnt.o
 .debug_line    0x00000000000012e6      0x2c4 ./User/ch32v00x_it.o
 .debug_line    0x00000000000015aa      0x76c ./User/main.o
 .debug_line    0x0000000000001d16      0xc19 ./User/system.o
 .debug_line    0x000000000000292f      0x606 ./User/system_ch32v00x.o
 .debug_line    0x0000000000002f35      0x112 ./Startup/startup_ch32v00x.o
 .debug_line    0x0000000000003047      0x405 ./Peripheral/src/ch32v00x_dbgmcu.o
 .debug_line    0x000000000000344c      0xc82 ./Peripheral/src/ch32v00x_gpio.o
 .debug_line    0x00000000000040ce      0x462 ./Peripheral/src/ch32v00x_misc.o
 .debug_line    0x0000000000004530      0xe89 ./Peripheral/src/ch32v00x_rcc.o
 .debug_line    0x00000000000053b9      0xa5c ./Peripheral/src/ch32v00x_spi.o
 .debug_line    0x0000000000005e15     0x30e4 ./Peripheral/src/ch32v00x_tim.o
 .debug_line    0x0000000000008ef9      0xf93 ./Peripheral/src/ch32v00x_usart.o
 .debug_line    0x0000000000009e8c      0x7fc ./Debug/debug.o

.debug_str      0x0000000000000000     0x2968
 .debug_str     0x0000000000000000      0x837 ./mc3419/MC34X9.o
                                        0x8b7 (size before relaxing)
 .debug_str     0x0000000000000837      0x106 ./mc3419/accelerometer.o
                                        0x6f0 (size before relaxing)
 .debug_str     0x000000000000093d       0xdb ./User/Prnt.o
                                        0x6ac (size before relaxing)
 .debug_str     0x0000000000000a18       0x34 ./User/ch32v00x_it.o
                                        0x5c3 (size before relaxing)
 .debug_str     0x0000000000000a4c       0xdb ./User/main.o
                                        0x6df (size before relaxing)
 .debug_str     0x0000000000000b27      0x791 ./User/system.o
                                        0xe67 (size before relaxing)
 .debug_str     0x00000000000012b8       0xea ./User/system_ch32v00x.o
                                        0x708 (size before relaxing)
 .debug_str     0x00000000000013a2       0x2a ./Startup/startup_ch32v00x.o
                                         0x61 (size before relaxing)
 .debug_str     0x00000000000013cc       0x97 ./Peripheral/src/ch32v00x_dbgmcu.o
                                        0x653 (size before relaxing)
 .debug_str     0x0000000000001463      0x1e7 ./Peripheral/src/ch32v00x_gpio.o
                                        0x950 (size before relaxing)
 .debug_str     0x000000000000164a       0xfe ./Peripheral/src/ch32v00x_misc.o
                                        0x918 (size before relaxing)
 .debug_str     0x0000000000001748      0x2c9 ./Peripheral/src/ch32v00x_rcc.o
                                        0x9be (size before relaxing)
 .debug_str     0x0000000000001a11      0x18d ./Peripheral/src/ch32v00x_spi.o
                                        0x946 (size before relaxing)
 .debug_str     0x0000000000001b9e      0xa0d ./Peripheral/src/ch32v00x_tim.o
                                       0x1278 (size before relaxing)
 .debug_str     0x00000000000025ab      0x34a ./Peripheral/src/ch32v00x_usart.o
                                        0xb0d (size before relaxing)
 .debug_str     0x00000000000028f5       0x73 ./Debug/debug.o
                                        0x90e (size before relaxing)

.comment        0x0000000000000000       0x33
 .comment       0x0000000000000000       0x33 ./mc3419/MC34X9.o
                                         0x34 (size before relaxing)
 .comment       0x0000000000000033       0x34 ./mc3419/accelerometer.o
 .comment       0x0000000000000033       0x34 ./User/Prnt.o
 .comment       0x0000000000000033       0x34 ./User/ch32v00x_it.o
 .comment       0x0000000000000033       0x34 ./User/main.o
 .comment       0x0000000000000033       0x34 ./User/system.o
 .comment       0x0000000000000033       0x34 ./User/system_ch32v00x.o
 .comment       0x0000000000000033       0x34 ./Peripheral/src/ch32v00x_dbgmcu.o
 .comment       0x0000000000000033       0x34 ./Peripheral/src/ch32v00x_gpio.o
 .comment       0x0000000000000033       0x34 ./Peripheral/src/ch32v00x_misc.o
 .comment       0x0000000000000033       0x34 ./Peripheral/src/ch32v00x_rcc.o
 .comment       0x0000000000000033       0x34 ./Peripheral/src/ch32v00x_spi.o
 .comment       0x0000000000000033       0x34 ./Peripheral/src/ch32v00x_tim.o
 .comment       0x0000000000000033       0x34 ./Peripheral/src/ch32v00x_usart.o
 .comment       0x0000000000000033       0x34 ./Debug/debug.o

.debug_frame    0x0000000000000000     0x1708
 .debug_frame   0x0000000000000000      0x158 ./mc3419/MC34X9.o
 .debug_frame   0x0000000000000158       0x54 ./mc3419/accelerometer.o
 .debug_frame   0x00000000000001ac       0x6c ./User/Prnt.o
 .debug_frame   0x0000000000000218       0x30 ./User/ch32v00x_it.o
 .debug_frame   0x0000000000000248       0x7c ./User/main.o
 .debug_frame   0x00000000000002c4      0x170 ./User/system.o
 .debug_frame   0x0000000000000434       0x50 ./User/system_ch32v00x.o
 .debug_frame   0x0000000000000484       0x70 ./Peripheral/src/ch32v00x_dbgmcu.o
 .debug_frame   0x00000000000004f4      0x154 ./Peripheral/src/ch32v00x_gpio.o
 .debug_frame   0x0000000000000648       0x30 ./Peripheral/src/ch32v00x_misc.o
 .debug_frame   0x0000000000000678      0x1dc ./Peripheral/src/ch32v00x_rcc.o
 .debug_frame   0x0000000000000854      0x15c ./Peripheral/src/ch32v00x_spi.o
 .debug_frame   0x00000000000009b0      0x624 ./Peripheral/src/ch32v00x_tim.o
 .debug_frame   0x0000000000000fd4      0x204 ./Peripheral/src/ch32v00x_usart.o
 .debug_frame   0x00000000000011d8       0xe4 ./Debug/debug.o
 .debug_frame   0x00000000000012bc       0x38 c:/mounriver/mounriver_studio2/resources/app/resources/win32/components/wch/toolchain/risc-v embedded gcc/bin/../lib/gcc/riscv-none-embed/8.2.0/rv32ecxw/ilp32e\libgcc.a(divsf3.o)
 .debug_frame   0x00000000000012f4       0x38 c:/mounriver/mounriver_studio2/resources/app/resources/win32/components/wch/toolchain/risc-v embedded gcc/bin/../lib/gcc/riscv-none-embed/8.2.0/rv32ecxw/ilp32e\libgcc.a(mulsf3.o)
 .debug_frame   0x000000000000132c       0x38 c:/mounriver/mounriver_studio2/resources/app/resources/win32/components/wch/toolchain/risc-v embedded gcc/bin/../lib/gcc/riscv-none-embed/8.2.0/rv32ecxw/ilp32e\libgcc.a(subsf3.o)
 .debug_frame   0x0000000000001364       0x20 c:/mounriver/mounriver_studio2/resources/app/resources/win32/components/wch/toolchain/risc-v embedded gcc/bin/../lib/gcc/riscv-none-embed/8.2.0/rv32ecxw/ilp32e\libgcc.a(fixsfsi.o)
 .debug_frame   0x0000000000001384       0x38 c:/mounriver/mounriver_studio2/resources/app/resources/win32/components/wch/toolchain/risc-v embedded gcc/bin/../lib/gcc/riscv-none-embed/8.2.0/rv32ecxw/ilp32e\libgcc.a(floatsisf.o)
 .debug_frame   0x00000000000013bc       0x20 c:/mounriver/mounriver_studio2/resources/app/resources/win32/components/wch/toolchain/risc-v embedded gcc/bin/../lib/gcc/riscv-none-embed/8.2.0/rv32ecxw/ilp32e\libgcc.a(_clzsi2.o)
 .debug_frame   0x00000000000013dc       0x38 c:/mounriver/mounriver_studio2/resources/app/resources/win32/components/wch/toolchain/risc-v embedded gcc/bin/../lib/gcc/riscv-none-embed/8.2.0/../../../../riscv-none-embed/lib/rv32ecxw/ilp32e\libg_nano.a(lib_a-memcpy.o)
 .debug_frame   0x0000000000001414       0x3c c:/mounriver/mounriver_studio2/resources/app/resources/win32/components/wch/toolchain/risc-v embedded gcc/bin/../lib/gcc/riscv-none-embed/8.2.0/../../../../riscv-none-embed/lib/rv32ecxw/ilp32e\libg_nano.a(lib_a-vsprintf.o)
 .debug_frame   0x0000000000001450       0x84 c:/mounriver/mounriver_studio2/resources/app/resources/win32/components/wch/toolchain/risc-v embedded gcc/bin/../lib/gcc/riscv-none-embed/8.2.0/../../../../riscv-none-embed/lib/rv32ecxw/ilp32e\libg_nano.a(lib_a-nano-svfprintf.o)
 .debug_frame   0x00000000000014d4       0x60 c:/mounriver/mounriver_studio2/resources/app/resources/win32/components/wch/toolchain/risc-v embedded gcc/bin/../lib/gcc/riscv-none-embed/8.2.0/../../../../riscv-none-embed/lib/rv32ecxw/ilp32e\libg_nano.a(lib_a-nano-vfprintf_i.o)
 .debug_frame   0x0000000000001534       0x20 c:/mounriver/mounriver_studio2/resources/app/resources/win32/components/wch/toolchain/risc-v embedded gcc/bin/../lib/gcc/riscv-none-embed/8.2.0/../../../../riscv-none-embed/lib/rv32ecxw/ilp32e\libg_nano.a(lib_a-memchr.o)
 .debug_frame   0x0000000000001554       0x20 c:/mounriver/mounriver_studio2/resources/app/resources/win32/components/wch/toolchain/risc-v embedded gcc/bin/../lib/gcc/riscv-none-embed/8.2.0/../../../../riscv-none-embed/lib/rv32ecxw/ilp32e\libg_nano.a(lib_a-memmove.o)
 .debug_frame   0x0000000000001574       0x40 c:/mounriver/mounriver_studio2/resources/app/resources/win32/components/wch/toolchain/risc-v embedded gcc/bin/../lib/gcc/riscv-none-embed/8.2.0/../../../../riscv-none-embed/lib/rv32ecxw/ilp32e\libg_nano.a(lib_a-nano-freer.o)
 .debug_frame   0x00000000000015b4       0x38 c:/mounriver/mounriver_studio2/resources/app/resources/win32/components/wch/toolchain/risc-v embedded gcc/bin/../lib/gcc/riscv-none-embed/8.2.0/../../../../riscv-none-embed/lib/rv32ecxw/ilp32e\libg_nano.a(lib_a-nano-mallocr.o)
 .debug_frame   0x00000000000015ec       0x38 c:/mounriver/mounriver_studio2/resources/app/resources/win32/components/wch/toolchain/risc-v embedded gcc/bin/../lib/gcc/riscv-none-embed/8.2.0/../../../../riscv-none-embed/lib/rv32ecxw/ilp32e\libg_nano.a(lib_a-nano-reallocr.o)
 .debug_frame   0x0000000000001624       0x30 c:/mounriver/mounriver_studio2/resources/app/resources/win32/components/wch/toolchain/risc-v embedded gcc/bin/../lib/gcc/riscv-none-embed/8.2.0/../../../../riscv-none-embed/lib/rv32ecxw/ilp32e\libg_nano.a(lib_a-sbrkr.o)
 .debug_frame   0x0000000000001654       0x30 c:/mounriver/mounriver_studio2/resources/app/resources/win32/components/wch/toolchain/risc-v embedded gcc/bin/../lib/gcc/riscv-none-embed/8.2.0/../../../../riscv-none-embed/lib/rv32ecxw/ilp32e\libg_nano.a(lib_a-mlock.o)
 .debug_frame   0x0000000000001684       0x20 c:/mounriver/mounriver_studio2/resources/app/resources/win32/components/wch/toolchain/risc-v embedded gcc/bin/../lib/gcc/riscv-none-embed/8.2.0/../../../../riscv-none-embed/lib/rv32ecxw/ilp32e\libg_nano.a(lib_a-nano-msizer.o)
 .debug_frame   0x00000000000016a4       0x64 c:/mounriver/mounriver_studio2/resources/app/resources/win32/components/wch/toolchain/risc-v embedded gcc/bin/../lib/gcc/riscv-none-embed/8.2.0/../../../../riscv-none-embed/lib/rv32ecxw/ilp32e\libg_nano.a(lib_a-reent.o)
